// Jest Snapshot v1, https://goo.gl/fbAQLP

exports[`generateOpenApiDocument happy path generates the expected OpenAPI document 1`] = `
Object {
  "externalDocs": undefined,
  "info": Object {
    "description": undefined,
    "title": "test",
    "version": "99.99.99",
  },
  "openapi": "3.0.0",
  "paths": Object {
    "/bar": Object {
      "get": Object {
        "operationId": "/bar#0",
        "parameters": Array [],
        "requestBody": Object {
          "content": Object {
            "application/json; Elastic-Api-Version=oas-test-version-1": Object {
              "schema": Object {
                "additionalProperties": false,
                "properties": Object {
                  "foo": Object {
                    "type": "string",
                  },
                },
                "required": Array [
                  "foo",
                ],
                "type": "object",
              },
            },
            "application/json; Elastic-Api-Version=oas-test-version-2": Object {
              "schema": Object {
                "additionalProperties": false,
                "properties": Object {
                  "foo": Object {
                    "type": "string",
                  },
                },
                "required": Array [
                  "foo",
                ],
                "type": "object",
              },
            },
          },
        },
        "responses": Object {
          "200": Object {
            "content": Object {
              "application/json; Elastic-Api-Version=oas-test-version-1": Object {
                "schema": Object {
                  "additionalProperties": false,
                  "properties": Object {
                    "fooResponse": Object {
                      "type": "string",
                    },
                  },
                  "required": Array [
                    "fooResponse",
                  ],
                  "type": "object",
                },
              },
              "application/json; Elastic-Api-Version=oas-test-version-2": Object {
                "schema": Object {
                  "additionalProperties": false,
                  "properties": Object {
                    "fooResponse": Object {
                      "type": "string",
                    },
                  },
                  "required": Array [
                    "fooResponse",
                  ],
                  "type": "object",
                },
              },
            },
            "description": "No description",
          },
        },
      },
    },
    "/foo": Object {
      "get": Object {
        "operationId": "/foo#0",
        "parameters": Array [],
        "requestBody": Object {
          "content": Object {
            "application/json": Object {
              "schema": Object {
                "additionalProperties": false,
                "properties": Object {
                  "foo": Object {
                    "type": "string",
                  },
                },
                "required": Array [
                  "foo",
                ],
                "type": "object",
              },
            },
          },
        },
        "responses": Object {
          "200": Object {
            "content": Object {
              "application/json": Object {
                "schema": Object {
                  "additionalProperties": false,
                  "properties": Object {
                    "fooResponse": Object {
                      "type": "string",
                    },
                  },
                  "required": Array [
                    "fooResponse",
                  ],
                  "type": "object",
                },
              },
            },
            "description": "No description",
          },
        },
      },
    },
  },
  "security": Array [
    Object {
      "basicAuth": Array [],
    },
    Object {
      "apiKeyAuth": Array [],
    },
  ],
  "servers": Array [
    Object {
      "url": "https://test.oas",
    },
  ],
  "tags": undefined,
}
`;
